Microchip MPLAB XC8 Compiler V2.35

Linker command line:

-W-3 --edf=C:\Program Files\Microchip\xc8\v2.35\pic\dat\en_msgs.txt -cn \
  -h+dist/default/production\slave_spi.X.production.sym \
  --cmf=dist/default/production\slave_spi.X.production.cmf -z -Q16F877A \
  -oC:\Users\HP\AppData\Local\Temp\xcAsij4.4 --defsym=__MPLAB_BUILD=1 \
  -Mdist/default/production/slave_spi.X.production.map \
  --md=C:\Users\HP\AppData\Local\Temp\xcAsij4.dat -E1 -ver=XC8 Compiler \
  --acfsm=1493 -ACODE=00h-07FFhx4 -ASTRCODE=00h-01FFFh -ASTRING=00h-0FFhx32 \
  -ACONST=00h-0FFhx32 -AENTRY=00h-0FFhx32 -ACOMMON=070h-07Fh \
  -ABANK0=020h-06Fh -ABANK1=0A0h-0EFh -ABANK2=0110h-016Fh \
  -ABANK3=0190h-01EFh -ARAM=020h-06Fh,0A0h-0EFh,0110h-016Fh,0190h-01EFh \
  -AABS1=020h-07Fh,0A0h-0EFh,0110h-016Fh,0190h-01EFh -ASFR0=00h-01Fh \
  -ASFR1=080h-09Fh -ASFR2=0100h-010Fh -ASFR3=0180h-018Fh \
  -ACONFIG=02007h-02007h -DCONFIG=2 -AIDLOC=02000h-02003h -DIDLOC=2 \
  -AEEDATA=00h-0FFh/02100h -peeprom_data=EEDATA -DEEDATA=2 -DCODE=2 \
  -DSTRCODE=2 -DSTRING=2 -DCONST=2 -DENTRY=2 \
  -preset_vec=00h,intentry=04h,init,end_init -ppowerup=CODE -pcinit=CODE \
  -pfunctab=ENTRY -k C:\Users\HP\AppData\Local\Temp\xcAsij4.o \
  dist/default/production\slave_spi.X.production.o 

Object code version is 3.11

Machine type is 16F877A



                Name                               Link     Load   Length Selector   Space Scale
C:\Users\HP\AppData\Local\Temp\xcAsij4.o
                end_init                              C        C        3        8       0
                reset_vec                             0        0        3        0       0
                config                             2007     2007        1        0       4
                idloc                              2000     2000        4        0       5
dist/default/production\slave_spi.X.production.o
                cinit                                 F        F        C        8       0
                intentry                              4        4        8        8       0
                config                             2007     2007        1        0       4
                idloc                              2000     2000        4        0       5
                text11                               75       75       3D        8       0
                text10                              125      125       2A        8       0
                text9                               184      184        D        8       0
                text8                                B2       B2       3C        8       0
                text7                               176      176        E        8       0
                text6                                1B       1B       5A        8       0
                text5                               168      168        E        8       0
                text4                               14F      14F       19        8       0
                text3                               1A7      1A7        4        8       0
                text2                               19D      19D        A        8       0
                text1                               191      191        C        8       0
                maintext                             EE       EE       37        8       0
                cstackBANK0                          20       20        3       20       1
                cstackCOMMON                         70       70        7       70       1
                bssBANK0                             23       23        2       20       1
                bssCOMMON                            77       77        4       70       1

TOTAL           Name                               Link     Load   Length     Space
        CLASS   CODE           
                end_init                              C        C        3         0
                cinit                                 F        F        C         0
                intentry                              4        4        8         0
                reset_vec                             0        0        3         0
                text11                               75       75       3D         0
                text10                              125      125       2A         0
                text9                               184      184        D         0
                text8                                B2       B2       3C         0
                text7                               176      176        E         0
                text6                                1B       1B       5A         0
                text5                               168      168        E         0
                text4                               14F      14F       19         0
                text3                               1A7      1A7        4         0
                text2                               19D      19D        A         0
                text1                               191      191        C         0
                maintext                             EE       EE       37         0

        CLASS   STRCODE        

        CLASS   STRING         

        CLASS   CONST          

        CLASS   ENTRY          

        CLASS   COMMON         
                cstackCOMMON                         70       70        7         1
                bssCOMMON                            77       77        4         1

        CLASS   BANK0          
                cstackBANK0                          20       20        3         1
                bssBANK0                             23       23        2         1

        CLASS   BANK1          

        CLASS   BANK2          

        CLASS   BANK3          

        CLASS   RAM            

        CLASS   ABS1           
                abs_s1                               7E       7E        2         1

        CLASS   SFR0           

        CLASS   SFR1           

        CLASS   SFR2           

        CLASS   SFR3           

        CLASS   CONFIG         
                config                             2007     2007        1         4

        CLASS   IDLOC          
                idloc                              2000     2000        4         5

        CLASS   EEDATA         

        CLASS   STACK          



SEGMENTS        Name                           Load    Length   Top    Selector   Space  Class     Delta

                reset_vec                      000000  000003  000003         0       0  CODE        2
                intentry                       000004  0001A7  0001AB         8       0  CODE        2
                cstackBANK0                    000020  000005  000025        20       1  BANK0       1
                cstackCOMMON                   000070  00000B  00007B        70       1  COMMON      1


UNUSED ADDRESS RANGES

        Name                Unused          Largest block    Delta
        BANK0            0025-006F             4B           1
        BANK1            00A0-00EF             50           1
        BANK2            0110-016F             60           1
        BANK3            0190-01EF             60           1
        CODE             0003-0003              1           2
                         01AB-1FFF            800
        COMMON           007B-007D              3           1
        CONST            0003-0003              1           2
                         01AB-1FFF            100
        EEDATA           2100-21FF            100           2
        ENTRY            0003-0003              1           2
                         01AB-1FFF            100
        RAM              0025-006F             4B           1
                         00A0-00EF             50
                         0110-016F             60
                         0190-01EF             60
        SFR0             0000-001F             20           1
        SFR1             0080-009F             20           1
        SFR2             0100-010F             10           1
        SFR3             0180-018F             10           1
        STRCODE          0003-0003              1           2
                         01AB-1FFF           1E55
        STRING           0003-0003              1           2
                         01AB-1FFF            100

                                  Symbol Table

LCD_Write@chr              cstackCOMMON 0075
LCD_Write@type             cstackBANK0  0020
LCD_WriteCmd@chr           cstackBANK0  0022
LCD_WriteData@chr          cstackBANK0  0022
LCD_WriteNibble@chr        cstackCOMMON 0073
SPI0_Initialize@mode       cstackCOMMON 0073
TIMER0_Delay@ms            cstackCOMMON 0073
_GIE                       (abs)        005F
_LCD_Initialize            text6        001B
_LCD_Write                 text8        00B2
_LCD_WriteCmd              text7        0176
_LCD_WriteData             text5        0168
_LCD_WriteNibble           text10       0125
_OPTION_REG                (abs)        0081
_PEIE                      (abs)        005E
_PORTBbits                 (abs)        0006
_PORTD                     (abs)        0008
_PORTDbits                 (abs)        0008
_SPI0_Initialize           text4        014F
_SPI0_Read                 text3        01A7
_SPI0_ReadyRead            text2        019D
_SSPBUF                    (abs)        0013
_SSPCONbits                (abs)        0014
_SSPSTAT                   (abs)        0094
_SSPSTATbits               (abs)        0094
_TIMER0_Delay              text9        0184
_TIMER0_Initialize         text1        0191
_TMR0                      (abs)        0001
_TMR0IE                    (abs)        005D
_TMR0IF                    (abs)        005A
_TRISBbits                 (abs)        0086
_TRISC3                    (abs)        043B
_TRISC5                    (abs)        043D
_TRISD                     (abs)        0088
__Habs1                    abs1         0000
__Hbank0                   bank0        0000
__Hbank1                   bank1        0000
__Hbank2                   bank2        0000
__Hbank3                   bank3        0000
__HbssBANK0                bssBANK0     0000
__HbssCOMMON               bssCOMMON    0000
__Hcinit                   cinit        001B
__Hclrtext                 clrtext      0000
__Hcode                    code         0000
__Hcommon                  common       0000
__Hconfig                  config       2008
__HcstackBANK0             cstackBANK0  0000
__HcstackCOMMON            cstackCOMMON 0000
__Heeprom_data             eeprom_data  0000
__Hend_init                end_init     000F
__Hfunctab                 functab      0000
__Hidloc                   idloc        2004
__Hinit                    init         000C
__Hintentry                intentry     000C
__Hmaintext                maintext     0000
__Hpowerup                 powerup      0000
__Hram                     ram          0000
__Hreset_vec               reset_vec    0003
__Hsfr0                    sfr0         0000
__Hsfr1                    sfr1         0000
__Hsfr2                    sfr2         0000
__Hsfr3                    sfr3         0000
__Hspace_0                 (abs)        01AB
__Hspace_1                 (abs)        007B
__Hspace_2                 (abs)        0000
__Hspace_3                 (abs)        0000
__Hspace_4                 (abs)        400F
__Hstack                   stack        0000
__Hstrings                 strings      0000
__Htext                    text         0000
__Labs1                    abs1         0000
__Lbank0                   bank0        0000
__Lbank1                   bank1        0000
__Lbank2                   bank2        0000
__Lbank3                   bank3        0000
__LbssBANK0                bssBANK0     0000
__LbssCOMMON               bssCOMMON    0000
__Lcinit                   cinit        000F
__Lclrtext                 clrtext      0000
__Lcode                    code         0000
__Lcommon                  common       0000
__Lconfig                  config       0000
__LcstackBANK0             cstackBANK0  0000
__LcstackCOMMON            cstackCOMMON 0000
__Leeprom_data             eeprom_data  0000
__Lend_init                end_init     000C
__Lfunctab                 functab      0000
__Lidloc                   idloc        0000
__Linit                    init         000C
__Lintentry                intentry     0004
__Lmaintext                maintext     0000
__Lpowerup                 powerup      0000
__Lram                     ram          0000
__Lreset_vec               reset_vec    0000
__Lsfr0                    sfr0         0000
__Lsfr1                    sfr1         0000
__Lsfr2                    sfr2         0000
__Lsfr3                    sfr3         0000
__Lspace_0                 (abs)        0000
__Lspace_1                 (abs)        0000
__Lspace_2                 (abs)        0000
__Lspace_3                 (abs)        0000
__Lspace_4                 (abs)        0000
__Lstack                   stack        0000
__Lstrings                 strings      0000
__Ltext                    text         0000
__S0                       (abs)        01AB
__S1                       (abs)        007B
__S3                       (abs)        0000
___int_sp                  stack        0000
___latbits                 (abs)        0002
___sp                      stack        0000
___stackhi                 (abs)        0000
___stacklo                 (abs)        0000
__end_of_LCD_Initialize    text6        0075
__end_of_LCD_Write         text8        00EE
__end_of_LCD_WriteCmd      text7        0184
__end_of_LCD_WriteData     text5        0176
__end_of_LCD_WriteNibble   text10       014F
__end_of_SPI0_Initialize   text4        0168
__end_of_SPI0_Read         text3        01AB
__end_of_SPI0_ReadyRead    text2        01A7
__end_of_TIMER0_Delay      text9        0191
__end_of_TIMER0_Initialize text1        019D
__end_of__initialization   cinit        0017
__end_of_main              maintext     0125
__end_of_timer0_isr        text11       00B2
__initialization           cinit        000F
__pbssBANK0                bssBANK0     0023
__pbssCOMMON               bssCOMMON    0077
__pcstackBANK0             cstackBANK0  0020
__pcstackCOMMON            cstackCOMMON 0070
__pintentry                intentry     0004
__pmaintext                maintext     00EE
__ptext1                   text1        0191
__ptext10                  text10       0125
__ptext11                  text11       0075
__ptext2                   text2        019D
__ptext3                   text3        01A7
__ptext4                   text4        014F
__ptext5                   text5        0168
__ptext6                   text6        001B
__ptext7                   text7        0176
__ptext8                   text8        00B2
__ptext9                   text9        0184
_delayMS                   bssCOMMON    0077
_ledBlinkTimeCounter       bssBANK0     0023
_main                      maintext     00EE
_msCounts                  bssCOMMON    0079
_timer0_isr                text11       0075
btemp                      (abs)        007E
end_of_initialization      cinit        0017
interrupt_function         intentry     0004
intlevel0                  functab      0000
intlevel1                  functab      0000
intlevel2                  functab      0000
intlevel3                  functab      0000
intlevel4                  functab      0000
intlevel5                  functab      0000
reset_vec                  reset_vec    0000
saved_w                    (abs)        007E
start                      init         000C
start_initialization       cinit        000F
wtemp0                     (abs)        007E


MODULE INFORMATION

Module		Function		Class		Link	Load	Size
spi_dv.c
		_SPI0_ReadyRead		CODE           	019D	0000	10
		_SPI0_Initialize		CODE           	014F	0000	25
		_SPI0_Read     		CODE           	01A7	0000	4

spi_dv.c estimated size: 39

lcd_dv.c
		_LCD_Initialize		CODE           	001B	0000	90
		_LCD_WriteNibble		CODE           	0125	0000	42
		_LCD_Write     		CODE           	00B2	0000	60
		_LCD_WriteCmd  		CODE           	0176	0000	14
		_LCD_WriteData 		CODE           	0168	0000	14

lcd_dv.c estimated size: 220

timer_dv.c
		_TIMER0_Initialize		CODE           	0191	0000	12
		_timer0_isr    		CODE           	0075	0000	61
		_TIMER0_Delay  		CODE           	0184	0000	13

timer_dv.c estimated size: 86

shared
		__initialization		CODE           	000F	0000	8

shared estimated size: 8

main.c
		_main          		CODE           	00EE	0000	55

main.c estimated size: 55

