Microchip MPLAB XC8 Compiler V2.35

Linker command line:

-W-3 --edf=C:\Program Files\Microchip\xc8\v2.35\pic\dat\en_msgs.txt -cn \
  -h+dist/default/production\master_spi.X.production.sym \
  --cmf=dist/default/production\master_spi.X.production.cmf -z -Q16F877A \
  -oC:\Users\HP\AppData\Local\Temp\xcAs3kk.4 --defsym=__MPLAB_BUILD=1 \
  -Mdist/default/production/master_spi.X.production.map \
  --md=C:\Users\HP\AppData\Local\Temp\xcAs3kk.dat -E1 -ver=XC8 Compiler \
  --acfsm=1493 -ACODE=00h-07FFhx4 -ASTRCODE=00h-01FFFh -ASTRING=00h-0FFhx32 \
  -ACONST=00h-0FFhx32 -AENTRY=00h-0FFhx32 -ACOMMON=070h-07Fh \
  -ABANK0=020h-06Fh -ABANK1=0A0h-0EFh -ABANK2=0110h-016Fh \
  -ABANK3=0190h-01EFh -ARAM=020h-06Fh,0A0h-0EFh,0110h-016Fh,0190h-01EFh \
  -AABS1=020h-07Fh,0A0h-0EFh,0110h-016Fh,0190h-01EFh -ASFR0=00h-01Fh \
  -ASFR1=080h-09Fh -ASFR2=0100h-010Fh -ASFR3=0180h-018Fh \
  -ACONFIG=02007h-02007h -DCONFIG=2 -AIDLOC=02000h-02003h -DIDLOC=2 \
  -AEEDATA=00h-0FFh/02100h -peeprom_data=EEDATA -DEEDATA=2 -DCODE=2 \
  -DSTRCODE=2 -DSTRING=2 -DCONST=2 -DENTRY=2 \
  -preset_vec=00h,intentry=04h,init,end_init -ppowerup=CODE -pcinit=CODE \
  -pfunctab=ENTRY -k C:\Users\HP\AppData\Local\Temp\xcAs3kk.o \
  dist/default/production\master_spi.X.production.o 

Object code version is 3.11

Machine type is 16F877A



                Name                               Link     Load   Length Selector   Space Scale
C:\Users\HP\AppData\Local\Temp\xcAs3kk.o
                end_init                              C        C        3        8       0
                reset_vec                             0        0        3        0       0
                config                             2007     2007        1        0       4
                idloc                              2000     2000        4        0       5
dist/default/production\master_spi.X.production.o
                cinit                                 F        F        D        8       0
                intentry                              4        4        8        8       0
                config                             2007     2007        1        0       4
                idloc                              2000     2000        4        0       5
                text6                                1C       1C       3D        8       0
                text5                                B1       B1       15        8       0
                text4                                90       90       21        8       0
                text3                                C6       C6        E        8       0
                text2                                D4       D4        D        8       0
                text1                                E1       E1        C        8       0
                maintext                             59       59       37        8       0
                cstackBANK0                          20       20        3       20       1
                cstackCOMMON                         70       70        6       70       1
                bssBANK0                             23       23        2       20       1
                bssCOMMON                            76       76        5       70       1

TOTAL           Name                               Link     Load   Length     Space
        CLASS   CODE           
                end_init                              C        C        3         0
                cinit                                 F        F        D         0
                intentry                              4        4        8         0
                reset_vec                             0        0        3         0
                text6                                1C       1C       3D         0
                text5                                B1       B1       15         0
                text4                                90       90       21         0
                text3                                C6       C6        E         0
                text2                                D4       D4        D         0
                text1                                E1       E1        C         0
                maintext                             59       59       37         0

        CLASS   STRCODE        

        CLASS   STRING         

        CLASS   CONST          

        CLASS   ENTRY          

        CLASS   COMMON         
                cstackCOMMON                         70       70        6         1
                bssCOMMON                            76       76        5         1

        CLASS   BANK0          
                cstackBANK0                          20       20        3         1
                bssBANK0                             23       23        2         1

        CLASS   BANK1          

        CLASS   BANK2          

        CLASS   BANK3          

        CLASS   RAM            

        CLASS   ABS1           
                abs_s1                               7E       7E        2         1

        CLASS   SFR0           

        CLASS   SFR1           

        CLASS   SFR2           

        CLASS   SFR3           

        CLASS   CONFIG         
                config                             2007     2007        1         4

        CLASS   IDLOC          
                idloc                              2000     2000        4         5

        CLASS   EEDATA         

        CLASS   STACK          



SEGMENTS        Name                           Load    Length   Top    Selector   Space  Class     Delta

                reset_vec                      000000  000003  000003         0       0  CODE        2
                intentry                       000004  0000E9  0000ED         8       0  CODE        2
                cstackBANK0                    000020  000005  000025        20       1  BANK0       1
                cstackCOMMON                   000070  00000B  00007B        70       1  COMMON      1


UNUSED ADDRESS RANGES

        Name                Unused          Largest block    Delta
        BANK0            0025-006F             4B           1
        BANK1            00A0-00EF             50           1
        BANK2            0110-016F             60           1
        BANK3            0190-01EF             60           1
        CODE             0003-0003              1           2
                         00ED-1FFF            800
        COMMON           007B-007D              3           1
        CONST            0003-0003              1           2
                         00ED-1FFF            100
        EEDATA           2100-21FF            100           2
        ENTRY            0003-0003              1           2
                         00ED-1FFF            100
        RAM              0025-006F             4B           1
                         00A0-00EF             50
                         0110-016F             60
                         0190-01EF             60
        SFR0             0000-001F             20           1
        SFR1             0080-009F             20           1
        SFR2             0100-010F             10           1
        SFR3             0180-018F             10           1
        STRCODE          0003-0003              1           2
                         00ED-1FFF           1F13
        STRING           0003-0003              1           2
                         00ED-1FFF            100

                                  Symbol Table

SPI0_Initialize@mode       cstackCOMMON 0073
SPI0_SlaveSelect@slave     cstackCOMMON 0075
SPI0_Write@chr             cstackBANK0  0020
SPI0_Write@slave           cstackBANK0  0021
TIMER0_Delay@ms            cstackCOMMON 0073
_GIE                       (abs)        005F
_OPTION_REG                (abs)        0081
_PEIE                      (abs)        005E
_PORTBbits                 (abs)        0006
_SPI0_Initialize           text5        00B1
_SPI0_SlaveSelect          text4        0090
_SPI0_Write                text3        00C6
_SSPBUF                    (abs)        0013
_SSPCONbits                (abs)        0014
_SSPSTAT                   (abs)        0094
_SSPSTATbits               (abs)        0094
_TIMER0_Delay              text2        00D4
_TIMER0_Initialize         text1        00E1
_TMR0                      (abs)        0001
_TMR0IE                    (abs)        005D
_TMR0IF                    (abs)        005A
_TRISB                     (abs)        0086
_TRISC3                    (abs)        043B
_TRISC5                    (abs)        043D
_TRISD                     (abs)        0088
__Habs1                    abs1         0000
__Hbank0                   bank0        0000
__Hbank1                   bank1        0000
__Hbank2                   bank2        0000
__Hbank3                   bank3        0000
__HbssBANK0                bssBANK0     0000
__HbssCOMMON               bssCOMMON    0000
__Hcinit                   cinit        001C
__Hclrtext                 clrtext      0000
__Hcode                    code         0000
__Hcommon                  common       0000
__Hconfig                  config       2008
__HcstackBANK0             cstackBANK0  0000
__HcstackCOMMON            cstackCOMMON 0000
__Heeprom_data             eeprom_data  0000
__Hend_init                end_init     000F
__Hfunctab                 functab      0000
__Hidloc                   idloc        2004
__Hinit                    init         000C
__Hintentry                intentry     000C
__Hmaintext                maintext     0000
__Hpowerup                 powerup      0000
__Hram                     ram          0000
__Hreset_vec               reset_vec    0003
__Hsfr0                    sfr0         0000
__Hsfr1                    sfr1         0000
__Hsfr2                    sfr2         0000
__Hsfr3                    sfr3         0000
__Hspace_0                 (abs)        00ED
__Hspace_1                 (abs)        007B
__Hspace_2                 (abs)        0000
__Hspace_3                 (abs)        0000
__Hspace_4                 (abs)        400F
__Hstack                   stack        0000
__Hstrings                 strings      0000
__Htext                    text         0000
__Labs1                    abs1         0000
__Lbank0                   bank0        0000
__Lbank1                   bank1        0000
__Lbank2                   bank2        0000
__Lbank3                   bank3        0000
__LbssBANK0                bssBANK0     0000
__LbssCOMMON               bssCOMMON    0000
__Lcinit                   cinit        000F
__Lclrtext                 clrtext      0000
__Lcode                    code         0000
__Lcommon                  common       0000
__Lconfig                  config       0000
__LcstackBANK0             cstackBANK0  0000
__LcstackCOMMON            cstackCOMMON 0000
__Leeprom_data             eeprom_data  0000
__Lend_init                end_init     000C
__Lfunctab                 functab      0000
__Lidloc                   idloc        0000
__Linit                    init         000C
__Lintentry                intentry     0004
__Lmaintext                maintext     0000
__Lpowerup                 powerup      0000
__Lram                     ram          0000
__Lreset_vec               reset_vec    0000
__Lsfr0                    sfr0         0000
__Lsfr1                    sfr1         0000
__Lsfr2                    sfr2         0000
__Lsfr3                    sfr3         0000
__Lspace_0                 (abs)        0000
__Lspace_1                 (abs)        0000
__Lspace_2                 (abs)        0000
__Lspace_3                 (abs)        0000
__Lspace_4                 (abs)        0000
__Lstack                   stack        0000
__Lstrings                 strings      0000
__Ltext                    text         0000
__S0                       (abs)        00ED
__S1                       (abs)        007B
__S3                       (abs)        0000
___int_sp                  stack        0000
___latbits                 (abs)        0002
___sp                      stack        0000
___stackhi                 (abs)        0000
___stacklo                 (abs)        0000
__end_of_SPI0_Initialize   text5        00C6
__end_of_SPI0_SlaveSelect  text4        00B1
__end_of_SPI0_Write        text3        00D4
__end_of_TIMER0_Delay      text2        00E1
__end_of_TIMER0_Initialize text1        00ED
__end_of__initialization   cinit        0018
__end_of_main              maintext     0090
__end_of_timer0_isr        text6        0059
__initialization           cinit        000F
__pbssBANK0                bssBANK0     0023
__pbssCOMMON               bssCOMMON    0076
__pcstackBANK0             cstackBANK0  0020
__pcstackCOMMON            cstackCOMMON 0070
__pintentry                intentry     0004
__pmaintext                maintext     0059
__ptext1                   text1        00E1
__ptext2                   text2        00D4
__ptext3                   text3        00C6
__ptext4                   text4        0090
__ptext5                   text5        00B1
__ptext6                   text6        001C
_counts                    bssCOMMON    007A
_delayMS                   bssCOMMON    0076
_ledBlinkTimeCounter       bssBANK0     0023
_main                      maintext     0059
_msCounts                  bssCOMMON    0078
_timer0_isr                text6        001C
btemp                      (abs)        007E
end_of_initialization      cinit        0018
interrupt_function         intentry     0004
intlevel0                  functab      0000
intlevel1                  functab      0000
intlevel2                  functab      0000
intlevel3                  functab      0000
intlevel4                  functab      0000
intlevel5                  functab      0000
reset_vec                  reset_vec    0000
saved_w                    (abs)        007E
start                      init         000C
start_initialization       cinit        000F
wtemp0                     (abs)        007E


MODULE INFORMATION

Module		Function		Class		Link	Load	Size
spi_dv.c
		_SPI0_SlaveSelect		CODE           	0090	0000	33
		_SPI0_Initialize		CODE           	00B1	0000	21
		_SPI0_Write    		CODE           	00C6	0000	14

spi_dv.c estimated size: 68

timer_dv.c
		_TIMER0_Initialize		CODE           	00E1	0000	12
		_timer0_isr    		CODE           	001C	0000	61
		_TIMER0_Delay  		CODE           	00D4	0000	13

timer_dv.c estimated size: 86

shared
		__initialization		CODE           	000F	0000	9

shared estimated size: 9

main.c
		_main          		CODE           	0059	0000	55

main.c estimated size: 55

