Microchip MPLAB XC8 Compiler V2.35

Linker command line:

-W-3 --edf=C:\Program Files\Microchip\xc8\v2.35\pic\dat\en_msgs.txt -cn \
  -h+dist/default/production\i2c_master.X.production.sym \
  --cmf=dist/default/production\i2c_master.X.production.cmf -z -Q16F877A \
  -oC:\Users\HP\AppData\Local\Temp\xcAsd6k.4 --defsym=__MPLAB_BUILD=1 \
  -Mdist/default/production/i2c_master.X.production.map \
  --md=C:\Users\HP\AppData\Local\Temp\xcAsd6k.dat -E1 -ver=XC8 Compiler \
  --acfsm=1493 -ACODE=00h-07FFhx4 -ASTRCODE=00h-01FFFh -ASTRING=00h-0FFhx32 \
  -ACONST=00h-0FFhx32 -AENTRY=00h-0FFhx32 -ACOMMON=070h-07Fh \
  -ABANK0=020h-06Fh -ABANK1=0A0h-0EFh -ABANK2=0110h-016Fh \
  -ABANK3=0190h-01EFh -ARAM=020h-06Fh,0A0h-0EFh,0110h-016Fh,0190h-01EFh \
  -AABS1=020h-07Fh,0A0h-0EFh,0110h-016Fh,0190h-01EFh -ASFR0=00h-01Fh \
  -ASFR1=080h-09Fh -ASFR2=0100h-010Fh -ASFR3=0180h-018Fh \
  -ACONFIG=02007h-02007h -DCONFIG=2 -AIDLOC=02000h-02003h -DIDLOC=2 \
  -AEEDATA=00h-0FFh/02100h -peeprom_data=EEDATA -DEEDATA=2 -DCODE=2 \
  -DSTRCODE=2 -DSTRING=2 -DCONST=2 -DENTRY=2 \
  -preset_vec=00h,intentry=04h,init,end_init -ppowerup=CODE -pcinit=CODE \
  -pfunctab=ENTRY -k C:\Users\HP\AppData\Local\Temp\xcAsd6k.o \
  dist/default/production\i2c_master.X.production.o 

Object code version is 3.11

Machine type is 16F877A



                Name                               Link     Load   Length Selector   Space Scale
C:\Users\HP\AppData\Local\Temp\xcAsd6k.o
                end_init                              C        C        3        8       0
                reset_vec                             0        0        3        0       0
                config                             2007     2007        1        0       4
                idloc                              2000     2000        4        0       5
dist/default/production\i2c_master.X.production.o
                cinit                                 F        F        C        8       0
                intentry                              4        4        8        8       0
                config                             2007     2007        1        0       4
                idloc                              2000     2000        4        0       5
                text14                              1F6      1F6       3D        8       0
                text13                               1B       1B       9D        8       0
                text12                              16D      16D       4B        8       0
                text11                              2A1      2A1        D        8       0
                text10                              2C3      2C3        9        8       0
                text9                               2BA      2BA        9        8       0
                text8                               274      274       10        8       0
                text7                               25D      25D       17        8       0
                text6                               233      233       2A        8       0
                text5                               284      284        F        8       0
                text4                               1B8      1B8       3E        8       0
                text3                               293      293        E        8       0
                text2                               113      113       5A        8       0
                text1                               2AE      2AE        C        8       0
                maintext                             B8       B8       5B        8       0
                cstackBANK0                          20       20       15       20       1
                cstackCOMMON                         70       70        9       70       1
                bssBANK0                             35       35        4       20       1
                bssCOMMON                            79       79        2       70       1

TOTAL           Name                               Link     Load   Length     Space
        CLASS   CODE           
                end_init                              C        C        3         0
                cinit                                 F        F        C         0
                intentry                              4        4        8         0
                reset_vec                             0        0        3         0
                text14                              1F6      1F6       3D         0
                text13                               1B       1B       9D         0
                text12                              16D      16D       4B         0
                text11                              2A1      2A1        D         0
                text10                              2C3      2C3        9         0
                text9                               2BA      2BA        9         0
                text8                               274      274       10         0
                text7                               25D      25D       17         0
                text6                               233      233       2A         0
                text5                               284      284        F         0
                text4                               1B8      1B8       3E         0
                text3                               293      293        E         0
                text2                               113      113       5A         0
                text1                               2AE      2AE        C         0
                maintext                             B8       B8       5B         0

        CLASS   STRCODE        

        CLASS   STRING         

        CLASS   CONST          

        CLASS   ENTRY          

        CLASS   COMMON         
                cstackCOMMON                         70       70        9         1
                bssCOMMON                            79       79        2         1

        CLASS   BANK0          
                cstackBANK0                          20       20       15         1
                bssBANK0                             35       35        4         1

        CLASS   BANK1          

        CLASS   BANK2          

        CLASS   BANK3          

        CLASS   RAM            

        CLASS   ABS1           
                abs_s1                               7E       7E        2         1

        CLASS   SFR0           

        CLASS   SFR1           

        CLASS   SFR2           

        CLASS   SFR3           

        CLASS   CONFIG         
                config                             2007     2007        1         4

        CLASS   IDLOC          
                idloc                              2000     2000        4         5

        CLASS   EEDATA         

        CLASS   STACK          



SEGMENTS        Name                           Load    Length   Top    Selector   Space  Class     Delta

                reset_vec                      000000  000003  000003         0       0  CODE        2
                intentry                       000004  0002C8  0002CC         8       0  CODE        2
                cstackBANK0                    000020  000019  000039        20       1  BANK0       1
                cstackCOMMON                   000070  00000B  00007B        70       1  COMMON      1


UNUSED ADDRESS RANGES

        Name                Unused          Largest block    Delta
        BANK0            0039-006F             37           1
        BANK1            00A0-00EF             50           1
        BANK2            0110-016F             60           1
        BANK3            0190-01EF             60           1
        CODE             0003-0003              1           2
                         02CC-1FFF            800
        COMMON           007B-007D              3           1
        CONST            0003-0003              1           2
                         02CC-1FFF            100
        EEDATA           2100-21FF            100           2
        ENTRY            0003-0003              1           2
                         02CC-1FFF            100
        RAM              0039-006F             37           1
                         00A0-00EF             50
                         0110-016F             60
                         0190-01EF             60
        SFR0             0000-001F             20           1
        SFR1             0080-009F             20           1
        SFR2             0100-010F             10           1
        SFR3             0180-018F             10           1
        STRCODE          0003-0003              1           2
                         02CC-1FFF           1D34
        STRING           0003-0003              1           2
                         02CC-1FFF            100

                                  Symbol Table

?___aldiv                  cstackBANK0  0020
I2C_Initialize@addr        cstackBANK0  002E
I2C_Initialize@b_rate      cstackBANK0  002F
I2C_Initialize@mode        cstackCOMMON 0074
I2C_Write@dat              cstackCOMMON 0073
I2C_WriteChar@data         cstackCOMMON 0076
I2C_WriteChar@saddr        cstackCOMMON 0074
LCD_Write@chr              cstackCOMMON 0075
LCD_Write@type             cstackCOMMON 0077
LCD_WriteCmd@chr           cstackBANK0  0020
LCD_WriteNibble@chr        cstackCOMMON 0073
TIMER0_Delay@ms            cstackCOMMON 0073
_ACKDT                     (abs)        048D
_ACKEN                     (abs)        048C
_ACKSTAT                   (abs)        048E
_GIE                       (abs)        005F
_I2C_CheckFlag             text11       02A1
_I2C_Initialize            text12       016D
_I2C_StartCond             text10       02C3
_I2C_StopCond              text9        02BA
_I2C_Write                 text8        0274
_I2C_WriteChar             text7        025D
_LCD_Initialize            text2        0113
_LCD_Write                 text4        01B8
_LCD_WriteCmd              text3        0293
_LCD_WriteNibble           text6        0233
_OPTION_REG                (abs)        0081
_PEIE                      (abs)        005E
_PEN                       (abs)        048A
_PORTBbits                 (abs)        0006
_PORTD                     (abs)        0008
_PORTDbits                 (abs)        0008
_RCEN                      (abs)        048B
_RSEN                      (abs)        0489
_SEN                       (abs)        0488
_SSPADD                    (abs)        0093
_SSPBUF                    (abs)        0013
_SSPCON                    (abs)        0014
_SSPCON2                   (abs)        0091
_SSPIF                     (abs)        0063
_SSPSTAT                   (abs)        0094
_TIMER0_Delay              text5        0284
_TIMER0_Initialize         text1        02AE
_TMR0                      (abs)        0001
_TMR0IE                    (abs)        005D
_TMR0IF                    (abs)        005A
_TRISBbits                 (abs)        0086
_TRISC3                    (abs)        043B
_TRISC4                    (abs)        043C
_TRISD                     (abs)        0088
__Habs1                    abs1         0000
__Hbank0                   bank0        0000
__Hbank1                   bank1        0000
__Hbank2                   bank2        0000
__Hbank3                   bank3        0000
__HbssBANK0                bssBANK0     0000
__HbssCOMMON               bssCOMMON    0000
__Hcinit                   cinit        001B
__Hclrtext                 clrtext      0000
__Hcode                    code         0000
__Hcommon                  common       0000
__Hconfig                  config       2008
__HcstackBANK0             cstackBANK0  0000
__HcstackCOMMON            cstackCOMMON 0000
__Heeprom_data             eeprom_data  0000
__Hend_init                end_init     000F
__Hfunctab                 functab      0000
__Hidloc                   idloc        2004
__Hinit                    init         000C
__Hintentry                intentry     000C
__Hmaintext                maintext     0000
__Hpowerup                 powerup      0000
__Hram                     ram          0000
__Hreset_vec               reset_vec    0003
__Hsfr0                    sfr0         0000
__Hsfr1                    sfr1         0000
__Hsfr2                    sfr2         0000
__Hsfr3                    sfr3         0000
__Hspace_0                 (abs)        02CC
__Hspace_1                 (abs)        007B
__Hspace_2                 (abs)        0000
__Hspace_3                 (abs)        0000
__Hspace_4                 (abs)        400F
__Hstack                   stack        0000
__Hstrings                 strings      0000
__Htext                    text         0000
__Labs1                    abs1         0000
__Lbank0                   bank0        0000
__Lbank1                   bank1        0000
__Lbank2                   bank2        0000
__Lbank3                   bank3        0000
__LbssBANK0                bssBANK0     0000
__LbssCOMMON               bssCOMMON    0000
__Lcinit                   cinit        000F
__Lclrtext                 clrtext      0000
__Lcode                    code         0000
__Lcommon                  common       0000
__Lconfig                  config       0000
__LcstackBANK0             cstackBANK0  0000
__LcstackCOMMON            cstackCOMMON 0000
__Leeprom_data             eeprom_data  0000
__Lend_init                end_init     000C
__Lfunctab                 functab      0000
__Lidloc                   idloc        0000
__Linit                    init         000C
__Lintentry                intentry     0004
__Lmaintext                maintext     0000
__Lpowerup                 powerup      0000
__Lram                     ram          0000
__Lreset_vec               reset_vec    0000
__Lsfr0                    sfr0         0000
__Lsfr1                    sfr1         0000
__Lsfr2                    sfr2         0000
__Lsfr3                    sfr3         0000
__Lspace_0                 (abs)        0000
__Lspace_1                 (abs)        0000
__Lspace_2                 (abs)        0000
__Lspace_3                 (abs)        0000
__Lspace_4                 (abs)        0000
__Lstack                   stack        0000
__Lstrings                 strings      0000
__Ltext                    text         0000
__S0                       (abs)        02CC
__S1                       (abs)        007B
__S3                       (abs)        0000
___aldiv                   text13       001B
___aldiv@counter           cstackBANK0  0028
___aldiv@dividend          cstackBANK0  0024
___aldiv@divisor           cstackBANK0  0020
___aldiv@quotient          cstackBANK0  002A
___aldiv@sign              cstackBANK0  0029
___int_sp                  stack        0000
___latbits                 (abs)        0002
___sp                      stack        0000
___stackhi                 (abs)        0000
___stacklo                 (abs)        0000
__end_of_I2C_CheckFlag     text11       02AE
__end_of_I2C_Initialize    text12       01B8
__end_of_I2C_StartCond     text10       02CC
__end_of_I2C_StopCond      text9        02C3
__end_of_I2C_Write         text8        0284
__end_of_I2C_WriteChar     text7        0274
__end_of_LCD_Initialize    text2        016D
__end_of_LCD_Write         text4        01F6
__end_of_LCD_WriteCmd      text3        02A1
__end_of_LCD_WriteNibble   text6        025D
__end_of_TIMER0_Delay      text5        0293
__end_of_TIMER0_Initialize text1        02BA
__end_of___aldiv           text13       00B8
__end_of__initialization   cinit        0017
__end_of_main              maintext     0113
__end_of_timer0_isr        text14       0233
__initialization           cinit        000F
__pbssBANK0                bssBANK0     0035
__pbssCOMMON               bssCOMMON    0079
__pcstackBANK0             cstackBANK0  0020
__pcstackCOMMON            cstackCOMMON 0070
__pintentry                intentry     0004
__pmaintext                maintext     00B8
__ptext1                   text1        02AE
__ptext10                  text10       02C3
__ptext11                  text11       02A1
__ptext12                  text12       016D
__ptext13                  text13       001B
__ptext14                  text14       01F6
__ptext2                   text2        0113
__ptext3                   text3        0293
__ptext4                   text4        01B8
__ptext5                   text5        0284
__ptext6                   text6        0233
__ptext7                   text7        025D
__ptext8                   text8        0274
__ptext9                   text9        02BA
_delayMS                   bssCOMMON    0079
_ledBlinkTimeCounter       bssBANK0     0035
_main                      maintext     00B8
_msCounts                  bssBANK0     0037
_timer0_isr                text14       01F6
btemp                      (abs)        007E
end_of_initialization      cinit        0017
interrupt_function         intentry     0004
intlevel0                  functab      0000
intlevel1                  functab      0000
intlevel2                  functab      0000
intlevel3                  functab      0000
intlevel4                  functab      0000
intlevel5                  functab      0000
main@Counter               cstackBANK0  0033
reset_vec                  reset_vec    0000
saved_w                    (abs)        007E
start                      init         000C
start_initialization       cinit        000F
wtemp0                     (abs)        007E


MODULE INFORMATION

Module		Function		Class		Link	Load	Size
lcd_dv.c
		_LCD_Initialize		CODE           	0113	0000	90
		_LCD_WriteNibble		CODE           	0233	0000	42
		_LCD_Write     		CODE           	01B8	0000	62
		_LCD_WriteCmd  		CODE           	0293	0000	14

lcd_dv.c estimated size: 208

timer_dv.c
		_TIMER0_Initialize		CODE           	02AE	0000	12
		_timer0_isr    		CODE           	01F6	0000	61
		_TIMER0_Delay  		CODE           	0284	0000	15

timer_dv.c estimated size: 88

i2c_dv.c
		_I2C_StartCond 		CODE           	02C3	0000	9
		_I2C_Write     		CODE           	0274	0000	16
		_I2C_WriteChar 		CODE           	025D	0000	23
		_I2C_StopCond  		CODE           	02BA	0000	9
		_I2C_CheckFlag 		CODE           	02A1	0000	13
		_I2C_Initialize		CODE           	016D	0000	75

i2c_dv.c estimated size: 145

C:\Program Files\Microchip\xc8\v2.35\pic\sources\c90\common\aldiv.c
		___aldiv       		CODE           	001B	0000	157

C:\Program Files\Microchip\xc8\v2.35\pic\sources\c90\common\aldiv.c estimated size: 157

shared
		__initialization		CODE           	000F	0000	8

shared estimated size: 8

main.c
		_main          		CODE           	00B8	0000	91

main.c estimated size: 91

